<p>Block example:</p><span class="katex-display"><span class="katex"><span class="katex-mathml"><math><semantics><mrow><msubsup><mo>∫</mo><mrow><mo>−</mo><mi>∞</mi></mrow><mi>∞</mi></msubsup><msup><mi>e</mi><mrow><mo>−</mo><msup><mi>x</mi><mn>2</mn></msup></mrow></msup><mi>d</mi><mi>x</mi><mo>=</mo><msqrt><mi>π</mi></msqrt></mrow><annotation>\int_{-\infty}^{\infty} e^{-x^2} dx = \sqrt{\pi}</annotation></semantics></math></span><span class="katex-html"><span class="base"><span style="height: 2.3846em; vertical-align: -0.9703em" class="strut"></span><span class="mop"><span style="margin-right: 0.44445em; position: relative; top: -0.0011em" class="mop op-symbol large-op">∫</span><span class="msupsub"><span class="vlist-t vlist-t2"><span class="vlist-r"><span style="height: 1.4143em" class="vlist"><span style="top: -1.7881em; margin-left: -0.4445em; margin-right: 0.05em"><span style="height: 2.7em" class="pstrut"></span><span class="sizing reset-size6 size3 mtight"><span class="mord mtight"><span class="mord mtight">−</span><span class="mord mtight">∞</span></span></span></span><span style="top: -3.8129em; margin-right: 0.05em"><span style="height: 2.7em" class="pstrut"></span><span class="sizing reset-size6 size3 mtight"><span class="mord mtight"><span class="mord mtight">∞</span></span></span></span></span><span class="vlist-s">​</span></span><span class="vlist-r"><span style="height: 0.9703em" class="vlist"><span></span></span></span></span></span></span><span style="margin-right: 0.1667em" class="mspace"></span><span class="mord"><span class="mord mathnormal">e</span><span class="msupsub"><span class="vlist-t"><span class="vlist-r"><span style="height: 1.0369em" class="vlist"><span style="top: -3.113em; margin-right: 0.05em"><span style="height: 2.7em" class="pstrut"></span><span class="sizing reset-size6 size3 mtight"><span class="mord mtight"><span class="mord mtight">−</span><span class="mord mtight"><span class="mord mathnormal mtight">x</span><span class="msupsub"><span class="vlist-t"><span class="vlist-r"><span style="height: 0.8913em" class="vlist"><span style="top: -2.931em; margin-right: 0.0714em"><span style="height: 2.5em" class="pstrut"></span><span class="sizing reset-size3 size1 mtight"><span class="mord mtight">2</span></span></span></span></span></span></span></span></span></span></span></span></span></span></span></span><span class="mord mathnormal">d</span><span class="mord mathnormal">x</span><span style="margin-right: 0.2778em" class="mspace"></span><span class="mrel">=</span><span style="margin-right: 0.2778em" class="mspace"></span></span><span class="base"><span style="height: 1.04em; vertical-align: -0.1908em" class="strut"></span><span class="mord sqrt"><span class="vlist-t vlist-t2"><span class="vlist-r"><span style="height: 0.8492em" class="vlist"><span style="top: -3em" class="svg-align"><span style="height: 3em" class="pstrut"></span><span style="padding-left: 0.833em" class="mord"><span style="margin-right: 0.03588em" class="mord mathnormal">π</span></span></span><span style="top: -2.8092em"><span style="height: 3em" class="pstrut"></span><span style="min-width: 0.853em; height: 1.08em" class="hide-tail"><svg height="1.08em" width="400em"><path></path></svg></span></span></span><span class="vlist-s">​</span></span><span class="vlist-r"><span style="height: 0.1908em" class="vlist"><span></span></span></span></span></span></span></span></span></span>
